// Jest Snapshot v1, https://goo.gl/fbAQLP

exports[`snapshot Matches the snapshot 1`] = `
Object {
  "asFragment": [Function],
  "baseElement": <body>
    <div>
      <div
        aria-hidden="true"
        data-testid="star"
        role="presentation"
      >
        <svg
          class="material-icons star medium"
          viewBox="0 0 595.28 841.89"
          xmlns="http://www.w3.org/2000/svg"
        >
          <polygon
            class="one"
            points="162.73 472.56 269.54 472.56 302.54 370.98 302.54 574.13 216.14 636.91 249.14 535.33 162.73 472.56"
          />
          <polygon
            class="two"
            points="442.45 472.56 335.64 472.56 302.64 370.98 302.64 574.13 389.04 636.91 356.04 535.33 442.45 472.56"
          />
        </svg>
      </div>
    </div>
  </body>,
  "container": <div>
    <div
      aria-hidden="true"
      data-testid="star"
      role="presentation"
    >
      <svg
        class="material-icons star medium"
        viewBox="0 0 595.28 841.89"
        xmlns="http://www.w3.org/2000/svg"
      >
        <polygon
          class="one"
          points="162.73 472.56 269.54 472.56 302.54 370.98 302.54 574.13 216.14 636.91 249.14 535.33 162.73 472.56"
        />
        <polygon
          class="two"
          points="442.45 472.56 335.64 472.56 302.64 370.98 302.64 574.13 389.04 636.91 356.04 535.33 442.45 472.56"
        />
      </svg>
    </div>
  </div>,
  "debug": [Function],
  "findAllByAltText": [Function],
  "findAllByDisplayValue": [Function],
  "findAllByLabelText": [Function],
  "findAllByPlaceholderText": [Function],
  "findAllByRole": [Function],
  "findAllByTestId": [Function],
  "findAllByText": [Function],
  "findAllByTitle": [Function],
  "findByAltText": [Function],
  "findByDisplayValue": [Function],
  "findByLabelText": [Function],
  "findByPlaceholderText": [Function],
  "findByRole": [Function],
  "findByTestId": [Function],
  "findByText": [Function],
  "findByTitle": [Function],
  "getAllByAltText": [Function],
  "getAllByDisplayValue": [Function],
  "getAllByLabelText": [Function],
  "getAllByPlaceholderText": [Function],
  "getAllByRole": [Function],
  "getAllByTestId": [Function],
  "getAllByText": [Function],
  "getAllByTitle": [Function],
  "getByAltText": [Function],
  "getByDisplayValue": [Function],
  "getByLabelText": [Function],
  "getByPlaceholderText": [Function],
  "getByRole": [Function],
  "getByTestId": [Function],
  "getByText": [Function],
  "getByTitle": [Function],
  "queryAllByAltText": [Function],
  "queryAllByDisplayValue": [Function],
  "queryAllByLabelText": [Function],
  "queryAllByPlaceholderText": [Function],
  "queryAllByRole": [Function],
  "queryAllByTestId": [Function],
  "queryAllByText": [Function],
  "queryAllByTitle": [Function],
  "queryByAltText": [Function],
  "queryByDisplayValue": [Function],
  "queryByLabelText": [Function],
  "queryByPlaceholderText": [Function],
  "queryByRole": [Function],
  "queryByTestId": [Function],
  "queryByText": [Function],
  "queryByTitle": [Function],
  "rerender": [Function],
  "unmount": [Function],
}
`;
